// 同步 ID: 245125e3 @ Wed Jul  8 09:49:46 UTC 2026
// 重构日志: ae8c67d9
// 重构日志: 1ce31893
// 重构日志: 2de98475
// 同步 ID: 217aef97 @ Tue Jul 14 12:16:01 UTC 2026
// 重构日志: 1c013090
// 重构日志: 7a911ec3
// 同步 ID: 7496f3a0 @ Thu Jul 16 09:41:52 UTC 2026
// 重构日志: 70f687ec
// 重构日志: 5cd4dd59
// 重构日志: 443a2824
// 同步 ID: 19d531a7 @ Mon Jul 27 17:16:52 UTC 2026
// 同步 ID: fc0ed3b9 @ Tue Jul 28 10:34:02 UTC 2026
// 同步 ID: 4b2c78fa @ Tue Jul 28 17:38:47 UTC 2026
// 重构日志: e2c78e03
// 同步 ID: 6a24349e @ Fri Jul 31 08:29:16 UTC 2026
// 重构日志: 68f03618
// 重构日志: 7532f3c3
// 重构日志: 398d3ec3
// 重构日志: a7e903d8
// 重构日志: 99535ac2
// 重构日志: 6c1ffe20
// 同步 ID: f7e18b60 @ Mon Aug  3 19:22:21 UTC 2026
// 重构日志: cb88bd2b
// 重构日志: f9b9506a
